// Jest Snapshot v1, https://goo.gl/fbAQLP

exports[`AllTrans 1) renders successfully with data from redux store 1`] = `
<div
  className="all-trans"
>
  <span>
    Transaction History
  </span>
  <div>
    <span>
      Type
    </span>
    <span>
      Symbol
    </span>
    <span>
      Quantity
    </span>
    <span>
      @Buy
    </span>
    <span>
      Date
    </span>
  </div>
  <div>
    <div
      className="_allTransItem"
    >
      <span>
        Buy
      </span>
      <span>
        F
      </span>
      <span>
        100
      </span>
      <span>
        $
        10.33
      </span>
      <span>
        Wed Jul 17 2019 
      </span>
    </div>
  </div>
</div>
`;
