// Jest Snapshot v1, https://goo.gl/fbAQLP

exports[`Landing 1) renders successfully with data from redux store 1`] = `
<div
  className="landing"
>
  <div
    className="header"
  >
    <span
      className="title"
    >
      Graff Exchange
    </span>
    <span
      className="blurb"
    >
      Graff Exchange, a real-time stock portfolio application built with a full stack: React, Redux, Sass, Socket.io, Node.js, GraphQL, Redis, PostgreSQL, and AWS.
    </span>
    <img
      src="../assets/graphql_logo.png"
    />
    <div
      className="sign-btns"
    >
      <span>
        Don't have an account? 
      </span>
      <span
        onClick={[Function]}
      >
        Sign Up
      </span>
    </div>
  </div>
  <div
    className="form"
  >
    <form>
      <div>
        <span>
          Email
        </span>
        <input
          name="email"
          onChange={[Function]}
          required={true}
          type="email"
          value=""
        />
      </div>
      <div>
        <span>
          Password
        </span>
        <input
          name="password"
          onChange={[Function]}
          type="password"
          value=""
        />
      </div>
      <button
        onClick={[Function]}
      >
        Sign In
      </button>
      <span
        onClick={[Function]}
      >
        Sign into Demo Account
      </span>
    </form>
  </div>
</div>
`;
