// Jest Snapshot v1, https://goo.gl/fbAQLP

exports[`MainNav 1) renders successfully with data from redux store 1`] = `
<div
  className="main-nav"
>
  <div
    style={
      Object {
        "height": "0",
        "width": "0",
      }
    }
  />
  <div
    className="desk-nav"
  >
    <span>
      Graff Exchange
    </span>
    <span>
      Jay
    </span>
    <span>
      Balance: $
      0.00
    </span>
    <span
      onClick={[Function]}
    >
      Log Out
    </span>
  </div>
  <div
    className="all-screens"
  >
    <a
      href="/all/watchlist"
      onClick={[Function]}
    >
      <i
        className="fas fa-home fa-2x "
      />
      <span>
        Portfolio
      </span>
    </a>
    <img
      src="../assets/graphql_logo.png"
    />
    <a
      href="/all/watchlist"
      onClick={[Function]}
    >
      <span>
        Holdings
      </span>
      <i
        className="fas fa-chart-bar fa-2x "
      />
    </a>
  </div>
</div>
`;
