// Jest Snapshot v1, https://goo.gl/fbAQLP

exports[`IndivNews 1) renders successfully with data from redux store 1`] = `
<div
  className="indiv-container"
>
  <div
    style={
      Object {
        "display": "block",
        "textAlign": "center",
      }
    }
  >
    <div
      className="loading-dots"
    >
      <span
        style={
          Object {
            "color": "black",
            "display": "inline",
            "fontSize": "10vh",
          }
        }
      >
        .
      </span>
      <span
        style={
          Object {
            "color": "black",
            "display": "inline",
            "fontSize": "10vh",
          }
        }
      >
        .
      </span>
      <span
        style={
          Object {
            "color": "black",
            "display": "inline",
            "fontSize": "10vh",
          }
        }
      >
        .
      </span>
    </div>
  </div>
</div>
`;
