// Jest Snapshot v1, https://goo.gl/fbAQLP

exports[`IndivFin 1) renders successfully with data from redux store 1`] = `
<div>
  <div
    className="indiv-fin indiv-container"
  >
    <span>
      9/3/15
    </span>
    <div>
      <span>
        date
      </span>
      <span>
        9/3/15
      </span>
    </div>
    <div>
      <span>
        key
      </span>
      <span>
        value
      </span>
    </div>
    <div>
      <span>
        otherkey
      </span>
      <span>
        otherValue
      </span>
    </div>
  </div>
  <div
    className="data-nav"
  >
    <span
      className="selected"
      onClick={[Function]}
    >
      9/3/15
    </span>
    <span
      onClick={[Function]}
    >
      12/3/15
    </span>
  </div>
</div>
`;
