// Jest Snapshot v1, https://goo.gl/fbAQLP

exports[`TradeBox 1) renders successfully with data from redux store 1`] = `
<div>
  <span>
    Quantity
  </span>
  <input
    max="5"
    min="1"
    onChange={[Function]}
    type="number"
  />
  <div>
    <button
      onClick={[Function]}
    >
      Buy
    </button>
    <button
      onClick={[Function]}
    >
      Sell
    </button>
  </div>
</div>
`;
